[seantheme.com/color-admin/frontend/one-page-parallax/index.html]
[backblue.gif]
[fade.gif]
[index.html]
[seantheme.com/color-admin/frontend/one-page-parallax/index_inverse_header.html]
[seantheme.com/color-admin/frontend/one-page-parallax/index_default_header.html]
[seantheme.com/color-admin/frontend/one-page-parallax/extra_element.html]
[seantheme.com/color-admin/frontend/assets/img/bg/bg-home.jpg]
[seantheme.com/color-admin/frontend/assets/img/user/user-1.jpg]
[seantheme.com/color-admin/frontend/assets/img/bg/bg-milestone.jpg]
[seantheme.com/color-admin/frontend/assets/img/user/user-2.jpg]
[seantheme.com/color-admin/frontend/assets/img/user/user-3.jpg]
[seantheme.com/color-admin/frontend/assets/img/bg/bg-quote.jpg]
[seantheme.com/color-admin/frontend/assets/img/bg/bg-action.jpg]
[seantheme.com/color-admin/frontend/assets/img/work/work-img-1.jpg]
[seantheme.com/color-admin/frontend/assets/img/work/work-img-2.jpg]
[seantheme.com/color-admin/frontend/assets/img/work/work-img-3.jpg]
[seantheme.com/color-admin/frontend/assets/img/work/work-img-4.jpg]
[seantheme.com/color-admin/frontend/assets/img/work/work-img-5.jpg]
[seantheme.com/color-admin/frontend/assets/img/work/work-img-6.jpg]
[seantheme.com/color-admin/frontend/assets/img/work/work-img-7.jpg]
[seantheme.com/color-admin/frontend/assets/img/work/work-img-8.jpg]
[seantheme.com/color-admin/frontend/assets/img/bg/bg-client.jpg]
[seantheme.com/color-admin/frontend/assets/js/one-page-parallax/app.min.js]
[seantheme.com/color-admin/frontend/one-page-parallax/index.html]
[seantheme.com/color-admin/frontend/assets/css/webfonts/fa-brands-400.eot]
[seantheme.com/color-admin/frontend/assets/css/webfonts/fa-brands-400d41d.eot]
[seantheme.com/color-admin/frontend/assets/css/webfonts/fa-brands-400.woff2]
[seantheme.com/color-admin/frontend/assets/css/webfonts/fa-brands-400.woff]
[seantheme.com/color-admin/frontend/assets/css/webfonts/fa-brands-400.ttf]
[seantheme.com/color-admin/frontend/assets/css/webfonts/fa-regular-400.eot]
[seantheme.com/color-admin/frontend/assets/css/webfonts/fa-regular-400d41d.eot]
[seantheme.com/color-admin/frontend/assets/css/webfonts/fa-regular-400.woff2]
[seantheme.com/color-admin/frontend/assets/css/webfonts/fa-regular-400.woff]
[seantheme.com/color-admin/frontend/assets/css/webfonts/fa-regular-400.ttf]
[seantheme.com/color-admin/frontend/assets/css/webfonts/fa-solid-900.eot]
[seantheme.com/color-admin/frontend/assets/css/webfonts/fa-solid-900d41d.eot]
[seantheme.com/color-admin/frontend/assets/css/webfonts/fa-solid-900.woff2]
[seantheme.com/color-admin/frontend/assets/css/webfonts/fa-solid-900.woff]
[seantheme.com/color-admin/frontend/assets/css/webfonts/fa-solid-900.ttf]
[seantheme.com/color-admin/frontend/assets/css/one-page-parallax/images/bg-content-cover.png]
[seantheme.com/color-admin/frontend/assets/css/one-page-parallax/app.min.css]
[seantheme.com/color-admin/frontend/one-page-parallax/index_inverse_header.html]
[seantheme.com/color-admin/frontend/one-page-parallax/index_default_header.html]
[seantheme.com/color-admin/frontend/assets/img/carousel/carousel-1.jpg]
[seantheme.com/color-admin/frontend/assets/img/carousel/carousel-2.jpg]
[seantheme.com/color-admin/frontend/assets/img/carousel/carousel-3.jpg]
[seantheme.com/color-admin/frontend/one-page-parallax/extra_element.html]
[www.google-analytics.com/analytics.js]
