[seantheme.com/color-admin/frontend/e-commerce/index.html]
[backblue.gif]
[fade.gif]
[index.html]
[seantheme.com/color-admin/frontend/assets/img/flag/flag-english.png]
[seantheme.com/color-admin/frontend/assets/img/flag/flag-german.png]
[seantheme.com/color-admin/frontend/assets/img/flag/flag-spanish.png]
[seantheme.com/color-admin/frontend/assets/img/flag/flag-french.png]
[seantheme.com/color-admin/frontend/assets/img/flag/flag-chinese.png]
[seantheme.com/color-admin/frontend/e-commerce/product.html]
[seantheme.com/color-admin/frontend/e-commerce/product_detail.html]
[seantheme.com/color-admin/frontend/assets/img/brand/brand-apple.png]
[seantheme.com/color-admin/frontend/assets/img/brand/brand-samsung.png]
[seantheme.com/color-admin/frontend/assets/img/brand/brand-htc.png]
[seantheme.com/color-admin/frontend/assets/img/brand/brand-microsoft.png]
[seantheme.com/color-admin/frontend/assets/img/brand/brand-nokia.png]
[seantheme.com/color-admin/frontend/assets/img/brand/brand-blackberry.png]
[seantheme.com/color-admin/frontend/assets/img/brand/brand-sony.png]
[seantheme.com/color-admin/frontend/e-commerce/index_fixed_header.html]
[seantheme.com/color-admin/frontend/e-commerce/index_inverse_header.html]
[seantheme.com/color-admin/frontend/e-commerce/search_results.html]
[seantheme.com/color-admin/frontend/e-commerce/checkout_cart.html]
[seantheme.com/color-admin/frontend/e-commerce/checkout_info.html]
[seantheme.com/color-admin/frontend/e-commerce/checkout_payment.html]
[seantheme.com/color-admin/frontend/e-commerce/checkout_complete.html]
[seantheme.com/color-admin/frontend/e-commerce/my_account.html]
[seantheme.com/color-admin/frontend/e-commerce/contact_us.html]
[seantheme.com/color-admin/frontend/e-commerce/about_us.html]
[seantheme.com/color-admin/frontend/e-commerce/faq.html]
[seantheme.com/color-admin/frontend/assets/img/product/product-ipad.jpg]
[seantheme.com/color-admin/frontend/assets/img/product/product-imac.jpg]
[seantheme.com/color-admin/frontend/assets/img/product/product-iphone.png]
[seantheme.com/color-admin/frontend/assets/img/user/user-1.jpg]
[seantheme.com/color-admin/frontend/assets/img/slider/slider-1-cover.jpg]
[seantheme.com/color-admin/frontend/assets/img/slider/slider-1-product.png]
[seantheme.com/color-admin/frontend/assets/img/slider/slider-2-cover.jpg]
[seantheme.com/color-admin/frontend/assets/img/slider/slider-2-product.png]
[seantheme.com/color-admin/frontend/assets/img/slider/slider-3-cover.jpg]
[seantheme.com/color-admin/frontend/assets/img/product/product-iphone-se.png]
[seantheme.com/color-admin/frontend/assets/img/product/product-apple-watch-sm.png]
[seantheme.com/color-admin/frontend/assets/img/product/product-mac-mini.png]
[seantheme.com/color-admin/frontend/assets/img/product/product-mac-accessories.png]
[seantheme.com/color-admin/frontend/assets/img/product/product-mac-pro.png]
[seantheme.com/color-admin/frontend/assets/img/product/product-ipad-pro.png]
[seantheme.com/color-admin/frontend/assets/img/product/product-imac.png]
[seantheme.com/color-admin/frontend/assets/img/product/product-apple-watch.png]
[seantheme.com/color-admin/frontend/assets/img/product/product-macbook-pro.png]
[seantheme.com/color-admin/frontend/assets/img/product/product-apple-tv.png]
[seantheme.com/color-admin/frontend/assets/img/product/product-samsung-s7-edge.jpg]
[seantheme.com/color-admin/frontend/assets/img/product/product-samsung-note5.png]
[seantheme.com/color-admin/frontend/assets/img/product/product-zenfone2.png]
[seantheme.com/color-admin/frontend/assets/img/product/product-xperia-z.png]
[seantheme.com/color-admin/frontend/assets/img/product/product-lumia-532.png]
[seantheme.com/color-admin/frontend/assets/img/product/product-huawei-mediapad.jpg]
[seantheme.com/color-admin/frontend/assets/img/product/product-galaxy-tab2.png]
[seantheme.com/color-admin/frontend/assets/img/product/product-galaxy-taba.png]
[seantheme.com/color-admin/frontend/assets/img/product/product-hp-spectrex2.png]
[seantheme.com/color-admin/frontend/assets/img/product/product-xperia-z2.png]
[seantheme.com/color-admin/frontend/assets/img/product/product-ipad-air.png]
[seantheme.com/color-admin/frontend/assets/img/product/product-iphone-6s.jpg]
[seantheme.com/color-admin/frontend/assets/img/product/product-galaxy-s6.jpg]
[seantheme.com/color-admin/frontend/assets/img/product/product-ipad-pro.jpg]
[seantheme.com/color-admin/frontend/assets/img/product/product-galaxy-note5.jpg]
[seantheme.com/color-admin/frontend/assets/img/payment/payment-method.png]
[seantheme.com/color-admin/frontend/assets/js/e-commerce/app.min.js]
[seantheme.com/color-admin/frontend/e-commerce/index.html]
[seantheme.com/color-admin/frontend/assets/css/webfonts/fa-brands-400.eot]
[seantheme.com/color-admin/frontend/assets/css/webfonts/fa-brands-400d41d.eot]
[seantheme.com/color-admin/frontend/assets/css/webfonts/fa-brands-400.woff2]
[seantheme.com/color-admin/frontend/assets/css/webfonts/fa-brands-400.woff]
[seantheme.com/color-admin/frontend/assets/css/webfonts/fa-brands-400.ttf]
[seantheme.com/color-admin/frontend/assets/css/webfonts/fa-regular-400.eot]
[seantheme.com/color-admin/frontend/assets/css/webfonts/fa-regular-400d41d.eot]
[seantheme.com/color-admin/frontend/assets/css/webfonts/fa-regular-400.woff2]
[seantheme.com/color-admin/frontend/assets/css/webfonts/fa-regular-400.woff]
[seantheme.com/color-admin/frontend/assets/css/webfonts/fa-regular-400.ttf]
[seantheme.com/color-admin/frontend/assets/css/webfonts/fa-solid-900.eot]
[seantheme.com/color-admin/frontend/assets/css/webfonts/fa-solid-900d41d.eot]
[seantheme.com/color-admin/frontend/assets/css/webfonts/fa-solid-900.woff2]
[seantheme.com/color-admin/frontend/assets/css/webfonts/fa-solid-900.woff]
[seantheme.com/color-admin/frontend/assets/css/webfonts/fa-solid-900.ttf]
[seantheme.com/color-admin/frontend/assets/css/e-commerce/app.min.css]
[seantheme.com/color-admin/frontend/assets/img/cover/cover-12.jpg]
[seantheme.com/color-admin/frontend/e-commerce/product.html]
[seantheme.com/color-admin/frontend/assets/img/product/product-iphone-6s-plus.png]
[seantheme.com/color-admin/frontend/assets/img/product/product-iphone-6s-plus-2.jpg]
[seantheme.com/color-admin/frontend/assets/img/product/product-iphone-6s-plus-3.jpg]
[seantheme.com/color-admin/frontend/assets/img/product/product-iphone-6s-plus-4.jpg]
[seantheme.com/color-admin/frontend/assets/img/product/product-iphone-6s-plus-5.jpg]
[seantheme.com/color-admin/frontend/assets/img/product/product-iphone-6s-plus-6.jpg]
[seantheme.com/color-admin/frontend/assets/img/product/product-iphone-6s-plus-7.jpg]
[seantheme.com/color-admin/frontend/assets/img/product/product-main.jpg]
[seantheme.com/color-admin/frontend/assets/img/product/product-3dtouch.jpg]
[seantheme.com/color-admin/frontend/assets/img/product/product-cameras.jpg]
[seantheme.com/color-admin/frontend/assets/img/product/product-technology.jpg]
[seantheme.com/color-admin/frontend/assets/img/product/product-design.jpg]
[seantheme.com/color-admin/frontend/assets/img/user/user-2.jpg]
[seantheme.com/color-admin/frontend/assets/img/user/user-3.jpg]
[seantheme.com/color-admin/frontend/assets/img/user/user-4.jpg]
[seantheme.com/color-admin/frontend/assets/img/user/user-5.jpg]
[seantheme.com/color-admin/frontend/e-commerce/product_detail.html]
[seantheme.com/color-admin/frontend/e-commerce/index_fixed_header.html]
[seantheme.com/color-admin/frontend/e-commerce/index_inverse_header.html]
[seantheme.com/color-admin/frontend/assets/img/cover/cover-13.jpg]
[seantheme.com/color-admin/frontend/e-commerce/search_results.html]
[seantheme.com/color-admin/frontend/e-commerce/checkout_cart.html]
[seantheme.com/color-admin/frontend/e-commerce/checkout_info.html]
[seantheme.com/color-admin/frontend/e-commerce/checkout_payment.html]
[seantheme.com/color-admin/frontend/e-commerce/checkout_complete.html]
[seantheme.com/color-admin/frontend/assets/img/cover/cover-14.jpg]
[seantheme.com/color-admin/frontend/e-commerce/my_account.html]
[seantheme.com/color-admin/frontend/assets/img/cover/cover-15.jpg]
[seantheme.com/color-admin/frontend/e-commerce/contact_us.html]
[seantheme.com/color-admin/frontend/e-commerce/about_us.html]
[seantheme.com/color-admin/frontend/e-commerce/faq.html]
[www.google-analytics.com/analytics.js]
